[    3074ms] [WARNING] Mixed Content: The page at 'https://www.google.com/search?q=polymarket&rlz=1C1CHBD_enIN1115IN1115&oq=polyma&gs_lcrp=EgZjaHJvbWUqEAgAEAAYgwEY4wIYsQMYgAQyEAgAEAAYgwEY4wIYsQMYgAQyEwgBEC4YgwEYxwEYsQMY0QMYgAQyBggCEEUYOTIKCAMQABixAxiABDIKCAQQABixAxiABDIGCAUQBRhAMgYIBhBFGD0yBggHEEUYPagCALACAA&sourceid=chrome&ie=UTF-8&sei=UFbKaf_oBJOX4-EP6qqgqQ4' was loaded over HTTPS, but requested an insecure element 'http://img.youtube.com/vi/w13GtnEKY7E/hqdefault.jpg'. This request was automatically upgraded to HTTPS, For more information see https://blog.chromium.org/2019/10/no-more-mixed-messages-about-https.html @ https://www.google.com/search?q=polymarket&rlz=1C1CHBD_enIN1115IN1115&oq=polyma&gs_lcrp=EgZjaHJvbWUqEAgAEAAYgwEY4wIYsQMYgAQyEAgAEAAYgwEY4wIYsQMYgAQyEwgBEC4YgwEYxwEYsQMY0QMYgAQyBggCEEUYOTIKCAMQABixAxiABDIKCAQQABixAxiABDIGCAUQBRhAMgYIBhBFGD0yBggHEEUYPagCALACAA&sourceid=chrome&ie=UTF-8&sei=UFbKaf_oBJOX4-EP6qqgqQ4:0
[   25159ms] [ERROR] Failed to load resource: net::ERR_CONNECTION_TIMED_OUT @ https://polymarket.com/_next/static/chunks/094~44as87p8_.css?dpl=dpl_vzSi9sQUEmdyK9KPTboYZqSuDQg1:0
[   25160ms] [ERROR] Failed to load resource: net::ERR_CONNECTION_TIMED_OUT @ https://polymarket.com/_next/static/chunks/0j44qh6ad6mgg.css?dpl=dpl_vzSi9sQUEmdyK9KPTboYZqSuDQg1:0
[   25191ms] [ERROR] Failed to load resource: net::ERR_CONNECTION_TIMED_OUT @ https://polymarket.com/_next/static/chunks/0y7v0yi2ehd2r.css?dpl=dpl_vzSi9sQUEmdyK9KPTboYZqSuDQg1:0
[   25193ms] [ERROR] Failed to load resource: net::ERR_CONNECTION_TIMED_OUT @ https://polymarket.com/_next/static/chunks/0v2bxbxt2_ku1.css?dpl=dpl_vzSi9sQUEmdyK9KPTboYZqSuDQg1:0
[   25193ms] [ERROR] Failed to load resource: net::ERR_CONNECTION_TIMED_OUT @ https://polymarket.com/_next/static/chunks/0r4p_ttk8407t.css?dpl=dpl_vzSi9sQUEmdyK9KPTboYZqSuDQg1:0
[   25193ms] [ERROR] Failed to load resource: net::ERR_CONNECTION_TIMED_OUT @ https://polymarket.com/_next/static/chunks/0-3n-wn2bq9eb.css?dpl=dpl_vzSi9sQUEmdyK9KPTboYZqSuDQg1:0
[   45227ms] [ERROR] Failed to load resource: net::ERR_CONNECTION_TIMED_OUT @ https://polymarket.com/manifest.json:0
[   46187ms] [ERROR] Failed to load resource: net::ERR_CONNECTION_TIMED_OUT @ https://polymarket.com/_next/static/chunks/05~k25buu38a..css?dpl=dpl_vzSi9sQUEmdyK9KPTboYZqSuDQg1:0
[   46188ms] [ERROR] Failed to load resource: net::ERR_CONNECTION_TIMED_OUT @ https://polymarket.com/_next/static/media/InterVariable-s.p.0r27kd5h06n72.woff2?dpl=dpl_vzSi9sQUEmdyK9KPTboYZqSuDQg1:0
[   46320ms] [ERROR] Failed to load resource: net::ERR_CONNECTION_TIMED_OUT @ https://polymarket.com/_next/image?url=https%3A%2F%2Fpolymarket-upload.s3.us-east-2.amazonaws.com%2Fus-forces-enter-iran-by-L_p5JkCpvr0I.jpg&w=96&q=75:0
[   46320ms] [ERROR] Failed to load resource: net::ERR_CONNECTION_TIMED_OUT @ https://polymarket.com/_next/image?url=https%3A%2F%2Fpolymarket-upload.s3.us-east-2.amazonaws.com%2FBTC%2Bfullsize.png&w=96&q=75:0
[   46320ms] [ERROR] Failed to load resource: net::ERR_CONNECTION_TIMED_OUT @ https://polymarket.com/_next/image?url=https%3A%2F%2Fpolymarket-upload.s3.us-east-2.amazonaws.com%2F2025-ncaa-tournament-winner-436-xMWhGDyN4iIA.jpg&w=96&q=75:0
[   46320ms] [ERROR] Failed to load resource: net::ERR_CONNECTION_TIMED_OUT @ https://polymarket.com/_next/image?url=https%3A%2F%2Fpolymarket-upload.s3.us-east-2.amazonaws.com%2Fcrude-oil-9a850ce2a2.png&w=96&q=75:0
[   67219ms] [ERROR] Failed to load resource: net::ERR_CONNECTION_TIMED_OUT @ https://polymarket.com/_next/image?url=https%3A%2F%2Fpolymarket-upload.s3.us-east-2.amazonaws.com%2Fus-forces-enter-iran-by-L_p5JkCpvr0I.jpg&w=96&q=75:0
[   67231ms] [ERROR] Failed to load resource: net::ERR_CONNECTION_TIMED_OUT @ https://polymarket.com/_next/image?url=https%3A%2F%2Fpolymarket-upload.s3.us-east-2.amazonaws.com%2F2025-ncaa-tournament-winner-436-xMWhGDyN4iIA.jpg&w=96&q=75:0
[   67258ms] [ERROR] Failed to load resource: net::ERR_CONNECTION_TIMED_OUT @ https://polymarket.com/_next/image?url=https%3A%2F%2Fpolymarket-upload.s3.us-east-2.amazonaws.com%2FBTC%2Bfullsize.png&w=96&q=75:0
[   67262ms] [ERROR] Failed to load resource: net::ERR_CONNECTION_TIMED_OUT @ https://polymarket.com/_next/image?url=https%3A%2F%2Fpolymarket-upload.s3.us-east-2.amazonaws.com%2Fcrude-oil-9a850ce2a2.png&w=96&q=75:0
[   67262ms] [ERROR] Failed to load resource: net::ERR_CONNECTION_TIMED_OUT @ https://polymarket.com/_next/image?url=https%3A%2F%2Fpolymarket-upload.s3.us-east-2.amazonaws.com%2Fteam_logos%2Fesports%2Fcs2%2Fcs-go_betboom%20team_133458.png&w=1024&q=75:0
[   67262ms] [ERROR] Failed to load resource: net::ERR_CONNECTION_TIMED_OUT @ https://polymarket.com/_next/image?url=https%3A%2F%2Fpolymarket-upload.s3.us-east-2.amazonaws.com%2Fteam_logos%2Fesports%2Fcs2%2FSinners-sZlqkMonx6Dx.png&w=1024&q=75:0
[   84266ms] [WARNING] The resource https://polymarket.com/_next/static/media/InterVariable-s.p.0r27kd5h06n72.woff2?dpl=dpl_vzSi9sQUEmdyK9KPTboYZqSuDQg1 was preloaded using link preload but not used within a few seconds from the window's load event. Please make sure it has an appropriate `as` value and it is preloaded intentionally. @ https://polymarket.com/:0
